2025-11-24 01:44:53, Info                         Starting enumeration of PnP devices.
2025-11-24 01:44:53, Info                         current OS: M:\Recovery\WindowsRE\Winre.wim
2025-11-24 01:44:53, Error                        Bsd And BCD associated OSes are different!![gle=0x000000ea]
2025-11-24 01:44:53, Error                        Failed to check OS architecture. 0x00000490[gle=0x00000002]
2025-11-24 01:44:53, Info                         [recenv.exe] Enter WinReIsWimBootEnabled
2025-11-24 01:44:53, Info                         [recenv.exe] Parameters: pszWinDir: L:\DiskGenius_WinPE\boot.wim
2025-11-24 01:44:53, Info                         Finished enumeration of PnP devices.
2025-11-24 01:44:53, Error                        [recenv.exe] winreArePathsEqualFailed to get attributes for L:\DiskGenius_WinPE\boot.wim: 0x3
2025-11-24 01:44:53, Warning                      [recenv.exe] Failed to check whether X:\windows is the current Windows directory
2025-11-24 01:44:53, Info                         [recenv.exe] RegLoadKey $OFFLINE$SYSTEM failed. Error: 0x3.
2025-11-24 01:44:53, Info                         [recenv.exe] Exit WinReIsWimBootEnabled returns 0 with last error: 0x3
2025-11-24 01:44:53, Error                        CRecoveryToolAction->Init() failed. Error: 0x00000490[gle=0x00000003]
2025-11-24 01:44:53, Error                        CRecoveryToolAction->Init() failed. Error: 0x00000490[gle=0x00000002]
2025-11-24 01:44:53, Info                         Invalid launch type for OEM-Front-End, 0x4
2025-11-24 01:44:53, Info                         [recenv.exe] Enter WinReGetConfig
2025-11-24 01:44:53, Info                         [recenv.exe] Parameters: configWinDir: NULL
2025-11-24 01:44:53, Info                         [recenv.exe]  Using recovery file at \\?\GLOBALROOT\Device\HarddiskVolume12\RECOVERY\WINDOWSRE\ReAgent.xml
2025-11-24 01:44:53, Info                         [recenv.exe] WinRE config file path: \\?\GLOBALROOT\Device\HarddiskVolume12\RECOVERY\WINDOWSRE\ReAgent.xml
2025-11-24 01:44:53, Info                         [recenv.exe] Update enhanced config info is enabled.
2025-11-24 01:44:53, Info                         [recenv.exe] ReAgentConfig::ReadBcdAndUpdateEnhancedConfigInfo (In WinPE) Using winre guid from the config file
2025-11-24 01:44:54, Warning                      [recenv.exe] ReAgentConfig::ReadBcdAndUpdateEnhancedConfigInfo BCD recovery entry points to invalid location (no winre.wim at )
2025-11-24 01:44:54, Info                         [recenv.exe] System is WimBoot: FALSE
2025-11-24 01:44:54, Info                         [recenv.exe] Exit WinReGetConfig return value: 1, last error: 0x2
2025-11-24 01:44:54, Info                         Auto launch narrator not specified
2025-11-24 01:44:54, Info                         Custom boot app not specified
2025-11-24 01:44:54, Error                        CRecoveryToolAction->Init() failed. Error: 0x00000490[gle=0x00000001]
2025-11-24 01:44:54, Error                        Failed to create recovery action. 0x00000490[gle=0x00000001]
2025-11-24 01:44:54, Info                         OS volume was not locked or couldn't be processed.  Defer unlocking remaining volumes. 0x00000057
2025-11-24 01:44:54, Info                         [recenv.exe] Enter WinReCreateLogInstanceEx
2025-11-24 01:44:54, Info                         [recenv.exe]  Using recovery file at \\?\GLOBALROOT\Device\HarddiskVolume12\RECOVERY\WINDOWSRE\ReAgent.xml
2025-11-24 01:44:54, Info                         [recenv.exe] Update enhanced config info is enabled.
2025-11-24 01:44:54, Info                         [recenv.exe] ReAgentConfig::ReadBcdAndUpdateEnhancedConfigInfo (In WinPE) Using winre guid from the config file
2025-11-24 01:44:54, Warning                      [recenv.exe] ReAgentConfig::ReadBcdAndUpdateEnhancedConfigInfo BCD recovery entry points to invalid location (no winre.wim at )
2025-11-24 01:44:54, Info                         [recenv.exe] Exit WinReCreateLogInstanceEx returns error code 0x0
2025-11-24 01:44:54, Info                         [recenv.exe] Enter WinReGetConfig
2025-11-24 01:44:54, Info                         [recenv.exe] Parameters: configWinDir: NULL
2025-11-24 01:44:54, Info                         [recenv.exe]  Using recovery file at \\?\GLOBALROOT\Device\HarddiskVolume12\RECOVERY\WINDOWSRE\ReAgent.xml
2025-11-24 01:44:54, Info                         [recenv.exe] WinRE config file path: \\?\GLOBALROOT\Device\HarddiskVolume12\RECOVERY\WINDOWSRE\ReAgent.xml
2025-11-24 01:44:54, Info                         [recenv.exe] Update enhanced config info is enabled.
2025-11-24 01:44:54, Info                         [recenv.exe] ReAgentConfig::ReadBcdAndUpdateEnhancedConfigInfo (In WinPE) Using winre guid from the config file
2025-11-24 01:44:54, Info                         [recenv.exe] WinRE is installed
2025-11-24 01:44:54, Info                         [recenv.exe] WinRE is installed at: \\?\GLOBALROOT\device\harddisk3\partition3\Recovery\WindowsRE
2025-11-24 01:44:54, Info                         [recenv.exe] System is WimBoot: FALSE
2025-11-24 01:44:54, Info                         [recenv.exe] Exit WinReGetConfig return value: 1, last error: 0x2
2025-11-24 01:44:54, Info                         Offline scanning application not configured
2025-11-24 01:44:54, Error                        Invalid path specified[gle=0x00000002]
2025-11-24 01:44:54, Info                         Copying logs from [X:\windows\Logs\RecEnv] to [L:\DiskGenius_WinPE\boot.wim\Logs\RecEnv_Ramdisk]
2025-11-24 01:44:54, Info                         [recenv.exe] Enter WinReRestoreLogFiles
2025-11-24 01:44:54, Info                         [recenv.exe]  Using recovery file at \\?\GLOBALROOT\Device\HarddiskVolume12\RECOVERY\WINDOWSRE\ReAgent.xml
2025-11-24 01:44:54, Info                         [recenv.exe] Update enhanced config info is enabled.
2025-11-24 01:44:54, Info                         [recenv.exe] ReAgentConfig::ReadBcdAndUpdateEnhancedConfigInfo (In WinPE) Using winre guid from the config file
2025-11-24 01:44:54, Info                         [recenv.exe] WinRE is installed
2025-11-24 01:44:54, Info                         [recenv.exe] Enter WinReSetTriggerFile
2025-11-24 01:44:54, Info                         [recenv.exe] Parameters: DirName: \\?\GLOBALROOT\device\harddisk3\partition3\Recovery\Logs, fDelete: 0
2025-11-24 01:44:54, Info                         [recenv.exe] Exit WinReSetTriggerFile return error code: 0x0
2025-11-24 01:44:54, Info                         [recenv.exe] Exit WinReRestoreLogFiles returns 1 with last error: 0x0
2025-11-24 01:45:03, Info                         Copying logs from [X:\windows\Logs\RecEnv] to [L:\DiskGenius_WinPE\boot.wim\Logs\RecEnv_Ramdisk]
